2026-09-16 17:49:47.262: [INFO] CurrentProfilePath: D:\CDAC\personal_Data\java\.metadata\.plugins\org.eclipse.swt\EBWebView\Default
2026-09-16 17:49:47.262: [INFO] Profiles total count: 1
2026-09-16 17:49:47.262: [INFO] Profile: name=Profile 1 path=D:\CDAC\personal_Data\java\.metadata\.plugins\org.eclipse.swt\EBWebView\Default lastActive=null
2026-09-16 17:49:47.262: [INFO] LastUsedProfileDir: D:\CDAC\personal_Data\java\.metadata\.plugins\org.eclipse.swt\EBWebView\Default
2026-09-16 17:49:47.262: [INFO] OnDoneLoading sync enabled: 0
2026-09-16 17:49:47.262: [INFO] BookmarkModelLoaded, ids_reassigned: 0
2026-09-16 17:49:47.262: [INFO] BookmarksLoadDropped droppedNodes=0
2026-09-16 17:49:47.262: [INFO] BookmarksSnapshot Startup total=0 bar=0 other=0 mobile=0 showBar=0 showBarNTP=1
2026-09-16 17:49:50.126: [INFO] BookmarksSnapshot Shutdown total=0 bar=0 other=0 mobile=0 showBar=0 showBarNTP=1
2026-09-16 17:50:18.999: [INFO] CurrentProfilePath: D:\CDAC\personal_Data\java\.metadata\.plugins\org.eclipse.swt\EBWebView\Default
2026-09-16 17:50:19.000: [INFO] Profiles total count: 1
2026-09-16 17:50:19.000: [INFO] Profile: name=Profile 1 path=D:\CDAC\personal_Data\java\.metadata\.plugins\org.eclipse.swt\EBWebView\Default lastActive=null
2026-09-16 17:50:19.000: [INFO] LastUsedProfileDir: D:\CDAC\personal_Data\java\.metadata\.plugins\org.eclipse.swt\EBWebView\Default
2026-09-16 17:50:19.000: [INFO] OnDoneLoading sync enabled: 0
2026-09-16 17:50:19.000: [INFO] BookmarkModelLoaded, ids_reassigned: 0
2026-09-16 17:50:19.000: [INFO] BookmarksLoadDropped droppedNodes=0
2026-09-16 17:50:19.000: [INFO] BookmarksSnapshot Startup total=0 bar=0 other=0 mobile=0 showBar=0 showBarNTP=1
2026-09-16 17:50:25.541: [INFO] BookmarksSnapshot Shutdown total=0 bar=0 other=0 mobile=0 showBar=0 showBarNTP=1
2026-09-16 17:50:45.918: [INFO] CurrentProfilePath: D:\CDAC\personal_Data\java\.metadata\.plugins\org.eclipse.swt\EBWebView\Default
2026-09-16 17:50:45.919: [INFO] Profiles total count: 1
2026-09-16 17:50:45.919: [INFO] Profile: name=Profile 1 path=D:\CDAC\personal_Data\java\.metadata\.plugins\org.eclipse.swt\EBWebView\Default lastActive=null
2026-09-16 17:50:45.919: [INFO] LastUsedProfileDir: D:\CDAC\personal_Data\java\.metadata\.plugins\org.eclipse.swt\EBWebView\Default
2026-09-16 17:50:45.919: [INFO] OnDoneLoading sync enabled: 0
2026-09-16 17:50:45.919: [INFO] BookmarkModelLoaded, ids_reassigned: 0
2026-09-16 17:50:45.919: [INFO] BookmarksLoadDropped droppedNodes=0
2026-09-16 17:50:45.919: [INFO] BookmarksSnapshot Startup total=0 bar=0 other=0 mobile=0 showBar=0 showBarNTP=1
2026-09-16 17:50:52.101: [INFO] BookmarksSnapshot Shutdown total=0 bar=0 other=0 mobile=0 showBar=0 showBarNTP=1
2026-09-16 17:51:33.835: [INFO] CurrentProfilePath: D:\CDAC\personal_Data\java\.metadata\.plugins\org.eclipse.swt\EBWebView\Default
2026-09-16 17:51:33.835: [INFO] Profiles total count: 1
2026-09-16 17:51:33.835: [INFO] Profile: name=Profile 1 path=D:\CDAC\personal_Data\java\.metadata\.plugins\org.eclipse.swt\EBWebView\Default lastActive=null
2026-09-16 17:51:33.835: [INFO] LastUsedProfileDir: D:\CDAC\personal_Data\java\.metadata\.plugins\org.eclipse.swt\EBWebView\Default
2026-09-16 17:51:33.835: [INFO] OnDoneLoading sync enabled: 0
2026-09-16 17:51:33.835: [INFO] BookmarkModelLoaded, ids_reassigned: 0
2026-09-16 17:51:33.835: [INFO] BookmarksLoadDropped droppedNodes=0
2026-09-16 17:51:33.835: [INFO] BookmarksSnapshot Startup total=0 bar=0 other=0 mobile=0 showBar=0 showBarNTP=1
2026-09-16 17:51:34.173: [INFO] BookmarksSnapshot Shutdown total=0 bar=0 other=0 mobile=0 showBar=0 showBarNTP=1
2026-09-16 17:51:35.467: [INFO] CurrentProfilePath: D:\CDAC\personal_Data\java\.metadata\.plugins\org.eclipse.swt\EBWebView\Default
2026-09-16 17:51:35.467: [INFO] Profiles total count: 1
2026-09-16 17:51:35.467: [INFO] Profile: name=Profile 1 path=D:\CDAC\personal_Data\java\.metadata\.plugins\org.eclipse.swt\EBWebView\Default lastActive=null
2026-09-16 17:51:35.467: [INFO] LastUsedProfileDir: D:\CDAC\personal_Data\java\.metadata\.plugins\org.eclipse.swt\EBWebView\Default
2026-09-16 17:51:35.467: [INFO] OnDoneLoading sync enabled: 0
2026-09-16 17:51:35.467: [INFO] BookmarkModelLoaded, ids_reassigned: 0
2026-09-16 17:51:35.467: [INFO] BookmarksLoadDropped droppedNodes=0
2026-09-16 17:51:35.467: [INFO] BookmarksSnapshot Startup total=0 bar=0 other=0 mobile=0 showBar=0 showBarNTP=1
2026-09-16 17:51:41.183: [INFO] BookmarksSnapshot Shutdown total=0 bar=0 other=0 mobile=0 showBar=0 showBarNTP=1
2026-09-16 17:52:09.277: [INFO] CurrentProfilePath: D:\CDAC\personal_Data\java\.metadata\.plugins\org.eclipse.swt\EBWebView\Default
2026-09-16 17:52:09.277: [INFO] Profiles total count: 1
2026-09-16 17:52:09.277: [INFO] Profile: name=Profile 1 path=D:\CDAC\personal_Data\java\.metadata\.plugins\org.eclipse.swt\EBWebView\Default lastActive=null
2026-09-16 17:52:09.277: [INFO] LastUsedProfileDir: D:\CDAC\personal_Data\java\.metadata\.plugins\org.eclipse.swt\EBWebView\Default
2026-09-16 17:52:09.277: [INFO] OnDoneLoading sync enabled: 0
2026-09-16 17:52:09.277: [INFO] BookmarkModelLoaded, ids_reassigned: 0
2026-09-16 17:52:09.277: [INFO] BookmarksLoadDropped droppedNodes=0
2026-09-16 17:52:09.277: [INFO] BookmarksSnapshot Startup total=0 bar=0 other=0 mobile=0 showBar=0 showBarNTP=1
2026-09-16 17:52:20.825: [INFO] BookmarksSnapshot Shutdown total=0 bar=0 other=0 mobile=0 showBar=0 showBarNTP=1
2026-09-16 17:52:54.497: [INFO] CurrentProfilePath: D:\CDAC\personal_Data\java\.metadata\.plugins\org.eclipse.swt\EBWebView\Default
2026-09-16 17:52:54.497: [INFO] Profiles total count: 1
2026-09-16 17:52:54.497: [INFO] Profile: name=Profile 1 path=D:\CDAC\personal_Data\java\.metadata\.plugins\org.eclipse.swt\EBWebView\Default lastActive=null
2026-09-16 17:52:54.497: [INFO] LastUsedProfileDir: D:\CDAC\personal_Data\java\.metadata\.plugins\org.eclipse.swt\EBWebView\Default
2026-09-16 17:52:54.497: [INFO] OnDoneLoading sync enabled: 0
2026-09-16 17:52:54.497: [INFO] BookmarkModelLoaded, ids_reassigned: 0
2026-09-16 17:52:54.497: [INFO] BookmarksLoadDropped droppedNodes=0
2026-09-16 17:52:54.497: [INFO] BookmarksSnapshot Startup total=0 bar=0 other=0 mobile=0 showBar=0 showBarNTP=1
2026-09-16 17:53:01.424: [INFO] BookmarksSnapshot Shutdown total=0 bar=0 other=0 mobile=0 showBar=0 showBarNTP=1
2026-09-16 17:53:34.798: [INFO] CurrentProfilePath: D:\CDAC\personal_Data\java\.metadata\.plugins\org.eclipse.swt\EBWebView\Default
2026-09-16 17:53:34.798: [INFO] Profiles total count: 1
2026-09-16 17:53:34.798: [INFO] Profile: name=Profile 1 path=D:\CDAC\personal_Data\java\.metadata\.plugins\org.eclipse.swt\EBWebView\Default lastActive=null
2026-09-16 17:53:34.798: [INFO] LastUsedProfileDir: D:\CDAC\personal_Data\java\.metadata\.plugins\org.eclipse.swt\EBWebView\Default
2026-09-16 17:53:34.798: [INFO] OnDoneLoading sync enabled: 0
2026-09-16 17:53:34.798: [INFO] BookmarkModelLoaded, ids_reassigned: 0
2026-09-16 17:53:34.798: [INFO] BookmarksLoadDropped droppedNodes=0
2026-09-16 17:53:34.798: [INFO] BookmarksSnapshot Startup total=0 bar=0 other=0 mobile=0 showBar=0 showBarNTP=1
2026-09-16 17:53:43.470: [INFO] BookmarksSnapshot Shutdown total=0 bar=0 other=0 mobile=0 showBar=0 showBarNTP=1
2026-09-16 17:53:55.686: [INFO] CurrentProfilePath: D:\CDAC\personal_Data\java\.metadata\.plugins\org.eclipse.swt\EBWebView\Default
2026-09-16 17:53:55.686: [INFO] Profiles total count: 1
2026-09-16 17:53:55.686: [INFO] Profile: name=Profile 1 path=D:\CDAC\personal_Data\java\.metadata\.plugins\org.eclipse.swt\EBWebView\Default lastActive=null
2026-09-16 17:53:55.686: [INFO] LastUsedProfileDir: D:\CDAC\personal_Data\java\.metadata\.plugins\org.eclipse.swt\EBWebView\Default
2026-09-16 17:53:55.686: [INFO] OnDoneLoading sync enabled: 0
2026-09-16 17:53:55.686: [INFO] BookmarkModelLoaded, ids_reassigned: 0
2026-09-16 17:53:55.686: [INFO] BookmarksLoadDropped droppedNodes=0
2026-09-16 17:53:55.686: [INFO] BookmarksSnapshot Startup total=0 bar=0 other=0 mobile=0 showBar=0 showBarNTP=1
2026-09-16 17:53:59.678: [INFO] BookmarksSnapshot Shutdown total=0 bar=0 other=0 mobile=0 showBar=0 showBarNTP=1
2026-09-16 17:54:43.968: [INFO] CurrentProfilePath: D:\CDAC\personal_Data\java\.metadata\.plugins\org.eclipse.swt\EBWebView\Default
2026-09-16 17:54:43.968: [INFO] Profiles total count: 1
2026-09-16 17:54:43.968: [INFO] Profile: name=Profile 1 path=D:\CDAC\personal_Data\java\.metadata\.plugins\org.eclipse.swt\EBWebView\Default lastActive=null
2026-09-16 17:54:43.968: [INFO] LastUsedProfileDir: D:\CDAC\personal_Data\java\.metadata\.plugins\org.eclipse.swt\EBWebView\Default
2026-09-16 17:54:43.968: [INFO] OnDoneLoading sync enabled: 0
2026-09-16 17:54:43.968: [INFO] BookmarkModelLoaded, ids_reassigned: 0
2026-09-16 17:54:43.968: [INFO] BookmarksLoadDropped droppedNodes=0
2026-09-16 17:54:43.968: [INFO] BookmarksSnapshot Startup total=0 bar=0 other=0 mobile=0 showBar=0 showBarNTP=1
2026-09-16 17:54:58.349: [INFO] BookmarksSnapshot Shutdown total=0 bar=0 other=0 mobile=0 showBar=0 showBarNTP=1
2026-09-16 18:17:09.298: [INFO] CurrentProfilePath: D:\CDAC\personal_Data\java\.metadata\.plugins\org.eclipse.swt\EBWebView\Default
2026-09-16 18:17:09.298: [INFO] Profiles total count: 1
2026-09-16 18:17:09.298: [INFO] Profile: name=Profile 1 path=D:\CDAC\personal_Data\java\.metadata\.plugins\org.eclipse.swt\EBWebView\Default lastActive=null
2026-09-16 18:17:09.298: [INFO] LastUsedProfileDir: D:\CDAC\personal_Data\java\.metadata\.plugins\org.eclipse.swt\EBWebView\Default
2026-09-16 18:17:09.298: [INFO] OnDoneLoading sync enabled: 0
2026-09-16 18:17:09.298: [INFO] BookmarkModelLoaded, ids_reassigned: 0
2026-09-16 18:17:09.298: [INFO] BookmarksLoadDropped droppedNodes=0
2026-09-16 18:17:09.298: [INFO] BookmarksSnapshot Startup total=0 bar=0 other=0 mobile=0 showBar=0 showBarNTP=1
2026-09-16 18:17:09.588: [INFO] BookmarksSnapshot Shutdown total=0 bar=0 other=0 mobile=0 showBar=0 showBarNTP=1
2026-09-16 18:17:11.115: [INFO] CurrentProfilePath: D:\CDAC\personal_Data\java\.metadata\.plugins\org.eclipse.swt\EBWebView\Default
2026-09-16 18:17:11.115: [INFO] Profiles total count: 1
2026-09-16 18:17:11.115: [INFO] Profile: name=Profile 1 path=D:\CDAC\personal_Data\java\.metadata\.plugins\org.eclipse.swt\EBWebView\Default lastActive=null
2026-09-16 18:17:11.115: [INFO] LastUsedProfileDir: D:\CDAC\personal_Data\java\.metadata\.plugins\org.eclipse.swt\EBWebView\Default
2026-09-16 18:17:11.115: [INFO] OnDoneLoading sync enabled: 0
2026-09-16 18:17:11.115: [INFO] BookmarkModelLoaded, ids_reassigned: 0
2026-09-16 18:17:11.115: [INFO] BookmarksLoadDropped droppedNodes=0
2026-09-16 18:17:11.115: [INFO] BookmarksSnapshot Startup total=0 bar=0 other=0 mobile=0 showBar=0 showBarNTP=1
2026-09-16 18:17:15.885: [INFO] BookmarksSnapshot Shutdown total=0 bar=0 other=0 mobile=0 showBar=0 showBarNTP=1
2026-09-16 18:17:44.782: [INFO] CurrentProfilePath: D:\CDAC\personal_Data\java\.metadata\.plugins\org.eclipse.swt\EBWebView\Default
2026-09-16 18:17:44.782: [INFO] Profiles total count: 1
2026-09-16 18:17:44.782: [INFO] Profile: name=Profile 1 path=D:\CDAC\personal_Data\java\.metadata\.plugins\org.eclipse.swt\EBWebView\Default lastActive=null
2026-09-16 18:17:44.782: [INFO] LastUsedProfileDir: D:\CDAC\personal_Data\java\.metadata\.plugins\org.eclipse.swt\EBWebView\Default
2026-09-16 18:17:44.782: [INFO] OnDoneLoading sync enabled: 0
2026-09-16 18:17:44.782: [INFO] BookmarkModelLoaded, ids_reassigned: 0
2026-09-16 18:17:44.782: [INFO] BookmarksLoadDropped droppedNodes=0
2026-09-16 18:17:44.782: [INFO] BookmarksSnapshot Startup total=0 bar=0 other=0 mobile=0 showBar=0 showBarNTP=1
2026-09-16 18:18:00.775: [INFO] BookmarksSnapshot Shutdown total=0 bar=0 other=0 mobile=0 showBar=0 showBarNTP=1
2026-09-16 18:18:19.380: [INFO] CurrentProfilePath: D:\CDAC\personal_Data\java\.metadata\.plugins\org.eclipse.swt\EBWebView\Default
2026-09-16 18:18:19.380: [INFO] Profiles total count: 1
2026-09-16 18:18:19.380: [INFO] Profile: name=Profile 1 path=D:\CDAC\personal_Data\java\.metadata\.plugins\org.eclipse.swt\EBWebView\Default lastActive=null
2026-09-16 18:18:19.380: [INFO] LastUsedProfileDir: D:\CDAC\personal_Data\java\.metadata\.plugins\org.eclipse.swt\EBWebView\Default
2026-09-16 18:18:19.380: [INFO] OnDoneLoading sync enabled: 0
2026-09-16 18:18:19.380: [INFO] BookmarkModelLoaded, ids_reassigned: 0
2026-09-16 18:18:19.380: [INFO] BookmarksLoadDropped droppedNodes=0
2026-09-16 18:18:19.380: [INFO] BookmarksSnapshot Startup total=0 bar=0 other=0 mobile=0 showBar=0 showBarNTP=1
2026-09-16 18:18:30.239: [INFO] BookmarksSnapshot Shutdown total=0 bar=0 other=0 mobile=0 showBar=0 showBarNTP=1
2026-09-16 18:19:06.814: [INFO] CurrentProfilePath: D:\CDAC\personal_Data\java\.metadata\.plugins\org.eclipse.swt\EBWebView\Default
2026-09-16 18:19:06.814: [INFO] Profiles total count: 1
2026-09-16 18:19:06.814: [INFO] Profile: name=Profile 1 path=D:\CDAC\personal_Data\java\.metadata\.plugins\org.eclipse.swt\EBWebView\Default lastActive=null
2026-09-16 18:19:06.814: [INFO] LastUsedProfileDir: D:\CDAC\personal_Data\java\.metadata\.plugins\org.eclipse.swt\EBWebView\Default
2026-09-16 18:19:06.814: [INFO] OnDoneLoading sync enabled: 0
2026-09-16 18:19:06.814: [INFO] BookmarkModelLoaded, ids_reassigned: 0
2026-09-16 18:19:06.814: [INFO] BookmarksLoadDropped droppedNodes=0
2026-09-16 18:19:06.814: [INFO] BookmarksSnapshot Startup total=0 bar=0 other=0 mobile=0 showBar=0 showBarNTP=1
2026-09-16 18:19:07.190: [INFO] BookmarksSnapshot Shutdown total=0 bar=0 other=0 mobile=0 showBar=0 showBarNTP=1
2026-09-16 18:19:08.526: [INFO] CurrentProfilePath: D:\CDAC\personal_Data\java\.metadata\.plugins\org.eclipse.swt\EBWebView\Default
2026-09-16 18:19:08.526: [INFO] Profiles total count: 1
2026-09-16 18:19:08.526: [INFO] Profile: name=Profile 1 path=D:\CDAC\personal_Data\java\.metadata\.plugins\org.eclipse.swt\EBWebView\Default lastActive=null
2026-09-16 18:19:08.526: [INFO] LastUsedProfileDir: D:\CDAC\personal_Data\java\.metadata\.plugins\org.eclipse.swt\EBWebView\Default
2026-09-16 18:19:08.526: [INFO] OnDoneLoading sync enabled: 0
2026-09-16 18:19:08.526: [INFO] BookmarkModelLoaded, ids_reassigned: 0
2026-09-16 18:19:08.526: [INFO] BookmarksLoadDropped droppedNodes=0
2026-09-16 18:19:08.526: [INFO] BookmarksSnapshot Startup total=0 bar=0 other=0 mobile=0 showBar=0 showBarNTP=1
2026-09-16 18:19:12.012: [INFO] BookmarksSnapshot Shutdown total=0 bar=0 other=0 mobile=0 showBar=0 showBarNTP=1
2026-09-16 18:19:43.375: [INFO] CurrentProfilePath: D:\CDAC\personal_Data\java\.metadata\.plugins\org.eclipse.swt\EBWebView\Default
2026-09-16 18:19:43.375: [INFO] Profiles total count: 1
2026-09-16 18:19:43.375: [INFO] Profile: name=Profile 1 path=D:\CDAC\personal_Data\java\.metadata\.plugins\org.eclipse.swt\EBWebView\Default lastActive=null
2026-09-16 18:19:43.375: [INFO] LastUsedProfileDir: D:\CDAC\personal_Data\java\.metadata\.plugins\org.eclipse.swt\EBWebView\Default
2026-09-16 18:19:43.375: [INFO] OnDoneLoading sync enabled: 0
2026-09-16 18:19:43.375: [INFO] BookmarkModelLoaded, ids_reassigned: 0
2026-09-16 18:19:43.375: [INFO] BookmarksLoadDropped droppedNodes=0
2026-09-16 18:19:43.375: [INFO] BookmarksSnapshot Startup total=0 bar=0 other=0 mobile=0 showBar=0 showBarNTP=1
2026-09-16 18:20:04.476: [INFO] BookmarksSnapshot Shutdown total=0 bar=0 other=0 mobile=0 showBar=0 showBarNTP=1
2026-09-16 18:20:44.350: [INFO] CurrentProfilePath: D:\CDAC\personal_Data\java\.metadata\.plugins\org.eclipse.swt\EBWebView\Default
2026-09-16 18:20:44.350: [INFO] Profiles total count: 1
2026-09-16 18:20:44.350: [INFO] Profile: name=Profile 1 path=D:\CDAC\personal_Data\java\.metadata\.plugins\org.eclipse.swt\EBWebView\Default lastActive=null
2026-09-16 18:20:44.350: [INFO] LastUsedProfileDir: D:\CDAC\personal_Data\java\.metadata\.plugins\org.eclipse.swt\EBWebView\Default
2026-09-16 18:20:44.350: [INFO] OnDoneLoading sync enabled: 0
2026-09-16 18:20:44.350: [INFO] BookmarkModelLoaded, ids_reassigned: 0
2026-09-16 18:20:44.350: [INFO] BookmarksLoadDropped droppedNodes=0
2026-09-16 18:20:44.350: [INFO] BookmarksSnapshot Startup total=0 bar=0 other=0 mobile=0 showBar=0 showBarNTP=1
2026-09-16 18:20:50.211: [INFO] BookmarksSnapshot Shutdown total=0 bar=0 other=0 mobile=0 showBar=0 showBarNTP=1
2026-09-16 18:22:09.675: [INFO] CurrentProfilePath: D:\CDAC\personal_Data\java\.metadata\.plugins\org.eclipse.swt\EBWebView\Default
2026-09-16 18:22:09.675: [INFO] Profiles total count: 1
2026-09-16 18:22:09.675: [INFO] Profile: name=Profile 1 path=D:\CDAC\personal_Data\java\.metadata\.plugins\org.eclipse.swt\EBWebView\Default lastActive=null
2026-09-16 18:22:09.675: [INFO] LastUsedProfileDir: D:\CDAC\personal_Data\java\.metadata\.plugins\org.eclipse.swt\EBWebView\Default
2026-09-16 18:22:09.675: [INFO] OnDoneLoading sync enabled: 0
2026-09-16 18:22:09.675: [INFO] BookmarkModelLoaded, ids_reassigned: 0
2026-09-16 18:22:09.675: [INFO] BookmarksLoadDropped droppedNodes=0
2026-09-16 18:22:09.675: [INFO] BookmarksSnapshot Startup total=0 bar=0 other=0 mobile=0 showBar=0 showBarNTP=1
2026-09-16 18:22:18.151: [INFO] BookmarksSnapshot Shutdown total=0 bar=0 other=0 mobile=0 showBar=0 showBarNTP=1
2026-09-16 18:23:06.001: [INFO] CurrentProfilePath: D:\CDAC\personal_Data\java\.metadata\.plugins\org.eclipse.swt\EBWebView\Default
2026-09-16 18:23:06.001: [INFO] Profiles total count: 1
2026-09-16 18:23:06.001: [INFO] Profile: name=Profile 1 path=D:\CDAC\personal_Data\java\.metadata\.plugins\org.eclipse.swt\EBWebView\Default lastActive=null
2026-09-16 18:23:06.001: [INFO] LastUsedProfileDir: D:\CDAC\personal_Data\java\.metadata\.plugins\org.eclipse.swt\EBWebView\Default
2026-09-16 18:23:06.001: [INFO] OnDoneLoading sync enabled: 0
2026-09-16 18:23:06.001: [INFO] BookmarkModelLoaded, ids_reassigned: 0
2026-09-16 18:23:06.001: [INFO] BookmarksLoadDropped droppedNodes=0
2026-09-16 18:23:06.001: [INFO] BookmarksSnapshot Startup total=0 bar=0 other=0 mobile=0 showBar=0 showBarNTP=1
2026-09-16 18:23:10.734: [INFO] BookmarksSnapshot Shutdown total=0 bar=0 other=0 mobile=0 showBar=0 showBarNTP=1
2026-09-16 18:24:46.859: [INFO] CurrentProfilePath: D:\CDAC\personal_Data\java\.metadata\.plugins\org.eclipse.swt\EBWebView\Default
2026-09-16 18:24:46.859: [INFO] Profiles total count: 1
2026-09-16 18:24:46.859: [INFO] Profile: name=Profile 1 path=D:\CDAC\personal_Data\java\.metadata\.plugins\org.eclipse.swt\EBWebView\Default lastActive=null
2026-09-16 18:24:46.859: [INFO] LastUsedProfileDir: D:\CDAC\personal_Data\java\.metadata\.plugins\org.eclipse.swt\EBWebView\Default
2026-09-16 18:24:46.859: [INFO] OnDoneLoading sync enabled: 0
2026-09-16 18:24:46.859: [INFO] BookmarkModelLoaded, ids_reassigned: 0
2026-09-16 18:24:46.859: [INFO] BookmarksLoadDropped droppedNodes=0
2026-09-16 18:24:46.859: [INFO] BookmarksSnapshot Startup total=0 bar=0 other=0 mobile=0 showBar=0 showBarNTP=1
2026-09-16 18:24:51.147: [INFO] BookmarksSnapshot Shutdown total=0 bar=0 other=0 mobile=0 showBar=0 showBarNTP=1
2026-09-16 18:25:32.383: [INFO] CurrentProfilePath: D:\CDAC\personal_Data\java\.metadata\.plugins\org.eclipse.swt\EBWebView\Default
2026-09-16 18:25:32.383: [INFO] Profiles total count: 1
2026-09-16 18:25:32.383: [INFO] Profile: name=Profile 1 path=D:\CDAC\personal_Data\java\.metadata\.plugins\org.eclipse.swt\EBWebView\Default lastActive=null
2026-09-16 18:25:32.383: [INFO] LastUsedProfileDir: D:\CDAC\personal_Data\java\.metadata\.plugins\org.eclipse.swt\EBWebView\Default
2026-09-16 18:25:32.383: [INFO] OnDoneLoading sync enabled: 0
2026-09-16 18:25:32.383: [INFO] BookmarkModelLoaded, ids_reassigned: 0
2026-09-16 18:25:32.383: [INFO] BookmarksLoadDropped droppedNodes=0
2026-09-16 18:25:32.383: [INFO] BookmarksSnapshot Startup total=0 bar=0 other=0 mobile=0 showBar=0 showBarNTP=1
2026-09-16 18:43:16.363: [INFO] BookmarksSnapshot Shutdown total=0 bar=0 other=0 mobile=0 showBar=0 showBarNTP=1
2026-09-18 09:16:28.152: [INFO] CurrentProfilePath: D:\CDAC\personal_Data\coreJava\.metadata\.plugins\org.eclipse.swt\EBWebView\Default
2026-09-18 09:16:28.152: [INFO] Profiles total count: 1
2026-09-18 09:16:28.152: [INFO] Profile: name=Profile 1 path=D:\CDAC\personal_Data\coreJava\.metadata\.plugins\org.eclipse.swt\EBWebView\Default lastActive=null
2026-09-18 09:16:28.152: [INFO] LastUsedProfileDir: D:\CDAC\personal_Data\coreJava\.metadata\.plugins\org.eclipse.swt\EBWebView\Default
2026-09-18 09:16:28.152: [INFO] OnDoneLoading sync enabled: 0
2026-09-18 09:16:28.152: [INFO] BookmarkModelLoaded, ids_reassigned: 0
2026-09-18 09:16:28.152: [INFO] BookmarksLoadDropped droppedNodes=0
2026-09-18 09:16:28.152: [INFO] BookmarksSnapshot Startup total=0 bar=0 other=0 mobile=0 showBar=0 showBarNTP=1
2026-09-18 09:17:25.040: [INFO] BookmarksSnapshot Shutdown total=0 bar=0 other=0 mobile=0 showBar=0 showBarNTP=1
2026-09-21 17:53:01.266: [INFO] CurrentProfilePath: D:\CDAC\personal_Data\coreJava\.metadata\.plugins\org.eclipse.swt\EBWebView\Default
2026-09-21 17:53:01.266: [INFO] Profiles total count: 1
2026-09-21 17:53:01.266: [INFO] Profile: name=Profile 1 path=D:\CDAC\personal_Data\coreJava\.metadata\.plugins\org.eclipse.swt\EBWebView\Default lastActive=null
2026-09-21 17:53:01.266: [INFO] LastUsedProfileDir: D:\CDAC\personal_Data\coreJava\.metadata\.plugins\org.eclipse.swt\EBWebView\Default
2026-09-21 17:53:01.266: [INFO] OnDoneLoading sync enabled: 0
2026-09-21 17:53:01.266: [INFO] BookmarkModelLoaded, ids_reassigned: 0
2026-09-21 17:53:01.266: [INFO] BookmarksLoadDropped droppedNodes=0
2026-09-21 17:53:01.266: [INFO] BookmarksSnapshot Startup total=0 bar=0 other=0 mobile=0 showBar=0 showBarNTP=1
2026-09-21 17:54:08.747: [INFO] BookmarksSnapshot Shutdown total=0 bar=0 other=0 mobile=0 showBar=0 showBarNTP=1
2026-09-21 18:00:54.761: [INFO] CurrentProfilePath: D:\CDAC\personal_Data\coreJava\.metadata\.plugins\org.eclipse.swt\EBWebView\Default
2026-09-21 18:00:54.761: [INFO] Profiles total count: 1
2026-09-21 18:00:54.762: [INFO] Profile: name=Profile 1 path=D:\CDAC\personal_Data\coreJava\.metadata\.plugins\org.eclipse.swt\EBWebView\Default lastActive=null
2026-09-21 18:00:54.762: [INFO] LastUsedProfileDir: D:\CDAC\personal_Data\coreJava\.metadata\.plugins\org.eclipse.swt\EBWebView\Default
2026-09-21 18:00:54.762: [INFO] OnDoneLoading sync enabled: 0
2026-09-21 18:00:54.762: [INFO] BookmarkModelLoaded, ids_reassigned: 0
2026-09-21 18:00:54.762: [INFO] BookmarksLoadDropped droppedNodes=0
2026-09-21 18:00:54.762: [INFO] BookmarksSnapshot Startup total=0 bar=0 other=0 mobile=0 showBar=0 showBarNTP=1
2026-09-21 18:01:04.382: [INFO] BookmarksSnapshot Shutdown total=0 bar=0 other=0 mobile=0 showBar=0 showBarNTP=1
2026-09-21 18:05:15.402: [INFO] CurrentProfilePath: D:\CDAC\personal_Data\coreJava\.metadata\.plugins\org.eclipse.swt\EBWebView\Default
2026-09-21 18:05:15.402: [INFO] Profiles total count: 1
2026-09-21 18:05:15.402: [INFO] Profile: name=Profile 1 path=D:\CDAC\personal_Data\coreJava\.metadata\.plugins\org.eclipse.swt\EBWebView\Default lastActive=null
2026-09-21 18:05:15.402: [INFO] LastUsedProfileDir: D:\CDAC\personal_Data\coreJava\.metadata\.plugins\org.eclipse.swt\EBWebView\Default
2026-09-21 18:05:15.402: [INFO] OnDoneLoading sync enabled: 0
2026-09-21 18:05:15.402: [INFO] BookmarkModelLoaded, ids_reassigned: 0
2026-09-21 18:05:15.402: [INFO] BookmarksLoadDropped droppedNodes=0
2026-09-21 18:05:15.402: [INFO] BookmarksSnapshot Startup total=0 bar=0 other=0 mobile=0 showBar=0 showBarNTP=1
2026-09-21 18:07:40.074: [INFO] BookmarksSnapshot Shutdown total=0 bar=0 other=0 mobile=0 showBar=0 showBarNTP=1
2026-09-21 18:09:51.268: [INFO] CurrentProfilePath: D:\CDAC\personal_Data\coreJava\.metadata\.plugins\org.eclipse.swt\EBWebView\Default
2026-09-21 18:09:51.268: [INFO] Profiles total count: 1
2026-09-21 18:09:51.268: [INFO] Profile: name=Profile 1 path=D:\CDAC\personal_Data\coreJava\.metadata\.plugins\org.eclipse.swt\EBWebView\Default lastActive=null
2026-09-21 18:09:51.268: [INFO] LastUsedProfileDir: D:\CDAC\personal_Data\coreJava\.metadata\.plugins\org.eclipse.swt\EBWebView\Default
2026-09-21 18:09:51.268: [INFO] OnDoneLoading sync enabled: 0
2026-09-21 18:09:51.268: [INFO] BookmarkModelLoaded, ids_reassigned: 0
2026-09-21 18:09:51.268: [INFO] BookmarksLoadDropped droppedNodes=0
2026-09-21 18:09:51.268: [INFO] BookmarksSnapshot Startup total=0 bar=0 other=0 mobile=0 showBar=0 showBarNTP=1
2026-09-21 18:57:06.993: [INFO] BookmarksSnapshot Shutdown total=0 bar=0 other=0 mobile=0 showBar=0 showBarNTP=1
2026-09-24 10:49:01.667: [INFO] CurrentProfilePath: D:\CDAC\personal_Data\coreJava\.metadata\.plugins\org.eclipse.swt\EBWebView\Default
2026-09-24 10:49:01.668: [INFO] Profiles total count: 1
2026-09-24 10:49:01.668: [INFO] Profile: name=Profile 1 path=D:\CDAC\personal_Data\coreJava\.metadata\.plugins\org.eclipse.swt\EBWebView\Default lastActive=null
2026-09-24 10:49:01.668: [INFO] LastUsedProfileDir: D:\CDAC\personal_Data\coreJava\.metadata\.plugins\org.eclipse.swt\EBWebView\Default
2026-09-24 10:49:01.668: [INFO] OnDoneLoading sync enabled: 0
2026-09-24 10:49:01.668: [INFO] BookmarkModelLoaded, ids_reassigned: 0
2026-09-24 10:49:01.668: [INFO] BookmarksLoadDropped droppedNodes=0
2026-09-24 10:49:01.668: [INFO] BookmarksSnapshot Startup total=0 bar=0 other=0 mobile=0 showBar=0 showBarNTP=1
2026-09-24 10:52:22.559: [INFO] BookmarksSnapshot Shutdown total=0 bar=0 other=0 mobile=0 showBar=0 showBarNTP=1
